// Vitest Snapshot v1, https://vitest.dev/guide/snapshot.html

exports[`useFieldArray > submit form > should append multiple inputs correctly 1`] = `
[
  {
    "test": [
      {
        "value": "data",
      },
    ],
  },
  {
    "test": [
      {
        "value": "data",
      },
      {
        "value": "test",
      },
      {
        "value": "test1",
      },
    ],
  },
]
`;
