// Vitest Snapshot v1, https://vitest.dev/guide/snapshot.html

exports[`useWatch > fieldArray with shouldUnregister true > should watch correct input update with single field array input 1`] = `
[
  [
    {
      "id": "e97d39bb-a77f-496e-81d8-24e2ab28c798",
      "prop": "test",
    },
    {
      "id": "6dd37bdb-a2c3-48b8-a5d7-96a48e29a062",
      "prop": "test1",
    },
  ],
  [
    {
      "prop": "test",
    },
    {
      "prop": "test1",
    },
  ],
  [
    {
      "prop": "test",
    },
    {
      "prop": "ShouldBeTHere",
    },
    {
      "prop": "test1",
    },
  ],
  [
    {
      "prop": "test",
    },
    {
      "prop": "ShouldBeTHere",
    },
    {
      "prop": "test1",
    },
  ],
  [
    {
      "prop": "ShouldBeTHere",
    },
    {
      "prop": "test1",
    },
  ],
  [
    {
      "prop": "ShouldBeTHere",
    },
    {
      "prop": "test1",
    },
  ],
]
`;

exports[`useWatch > reset > with useFieldArray > should return current value with radio type 1`] = `
[
  {},
  {
    "options": [
      {
        "option": "no",
      },
      {
        "option": "yes",
      },
    ],
  },
  {
    "options": [
      {
        "option": "no",
      },
      {
        "option": "yes",
      },
    ],
  },
  {
    "options": [
      {
        "option": "no",
      },
      {
        "option": "yes",
      },
    ],
  },
]
`;
